// Jest Snapshot v1, https://goo.gl/fbAQLP

exports[`Prueba en <FirstApp /> debe hacer match con el snapshot 1`] = `
<div>
  <h1
    data-testid="test-title"
  >
     
    Hola soy Ezequiel
     
  </h1>
  <p>
    No hay subtitulo
  </p>
  <p>
    No hay subtitulo
  </p>
  <p>
    Fernando Herrera
  </p>
</div>
`;
